// Jest Snapshot v1, https://goo.gl/fbAQLP

exports[`AddedToCartNotification component should render 1`] = `
<div
  className="sc-bdVaJa gtzOcq"
  data-test="modal"
>
  <p>
    Product added to cart!
  </p>
</div>
`;
