// Jest Snapshot v1, https://goo.gl/fbAQLP

exports[`ModalLight component should render 1`] = `
<div
  className="sc-bdVaJa iZPlhv"
>
  <div
    className="sc-bwzfXH dQdmMa"
  />
</div>
`;
