// Jest Snapshot v1, https://goo.gl/fbAQLP

exports[`UserUpdatedNotification component should render 1`] = `
<div
  className="sc-bdVaJa gtzOcq"
  id="userUpdatedNotification"
>
  <p>
    Your information has been updated!
  </p>
</div>
`;
