// Jest Snapshot v1, https://goo.gl/fbAQLP

exports[`Button should render Button component 1`] = `
<button
  className="sc-bdVaJa kXhGps"
/>
`;
