// Jest Snapshot v1, https://goo.gl/fbAQLP

exports[`ButtonLight component should render 1`] = `
<button
  className="sc-bdVaJa ecCyz"
/>
`;
