// Jest Snapshot v1, https://goo.gl/fbAQLP

exports[`Footer component should render 1`] = `
<footer
  className="sc-bdVaJa hlRHXh"
>
  <span>
    Â©2019 Miia Laitinen
  </span>
</footer>
`;
