// Jest Snapshot v1, https://goo.gl/fbAQLP

exports[`ProductAddedNotification should render ProductAddedNotification component 1`] = `
<div
  className="sc-bdVaJa gtzOcq"
>
  <p>
    A new product was added!
  </p>
</div>
`;
